../Core/Src/DHT20.c:28:9:DHT20_isConnected	16	static
../Core/Src/DHT20.c:34:9:DHT20_getAddress	4	static
../Core/Src/DHT20.c:38:7:DHT20_getHumid	8	static
../Core/Src/DHT20.c:42:7:DHT20_getTemp	8	static
../Core/Src/DHT20.c:46:6:DHT20_setHumidOffset	16	static
../Core/Src/DHT20.c:49:6:DHT20_setTemperatureOffset	16	static
../Core/Src/DHT20.c:52:7:DHT20_getHumidOffset	4	static
../Core/Src/DHT20.c:55:7:DHT20_getTemperatureOffset	4	static
../Core/Src/DHT20.c:58:9:DHT20_requestData	24	static
../Core/Src/DHT20.c:64:9:DHT20_resetRegister	32	static
../Core/Src/DHT20.c:84:9:DHT20_readStatus	24	static
../Core/Src/DHT20.c:93:6:DHT20_resetSensor	16	static
../Core/Src/DHT20.c:103:9:DHT20_crc8	24	static
../Core/Src/DHT20.c:123:5:DHT20_Read	24	static
../Core/Src/DHT20.c:142:5:DHT20_Convert	16	static
