../Core/Src/LCD.c:214:6:LCD_scanI2CAddresses	32	static
../Core/Src/LCD.c:223:6:LCD_isConnected	16	static
../Core/Src/LCD.c:230:6:LCD_Set_Backlight	16	static
../Core/Src/LCD.c:238:6:LCD_Send_CMD	32	static
../Core/Src/LCD.c:251:6:LCD_Send_Data	32	static
../Core/Src/LCD.c:265:6:LCD_Clear	8	static
../Core/Src/LCD.c:270:6:LCD_Set_Cursor	16	static
../Core/Src/LCD.c:284:6:LCD_init	8	static
../Core/Src/LCD.c:312:6:LCD_Send_String	16	static
../Core/Src/LCD.c:316:6:LCD_Send_Number	24	static
../Core/Src/LCD.c:322:6:LCD_Display_Temp	40	static
../Core/Src/LCD.c:330:6:LCD_Display_Humid	40	static
