../Core/Src/LCD.c:18:6:lcdBegin	8	static
../Core/Src/LCD.c:33:6:isLcdConnected	16	static
../Core/Src/LCD.c:38:6:lcdSendCmd	32	static
../Core/Src/LCD.c:51:6:scanI2CAddresses	16	static
../Core/Src/LCD.c:58:6:lcdSendData	32	static
../Core/Src/LCD.c:71:6:lcdClear	8	static
../Core/Src/LCD.c:77:6:lcdSetCursor	16	static
../Core/Src/LCD.c:92:6:lcdNoCursor	8	static
../Core/Src/LCD.c:97:6:lcdCursor	8	static
../Core/Src/LCD.c:102:6:lcdHome	8	static
../Core/Src/LCD.c:107:6:lcdNoBlink	8	static
../Core/Src/LCD.c:112:6:lcdBlink	8	static
../Core/Src/LCD.c:117:6:lcdInit	8	static
../Core/Src/LCD.c:142:6:lcdSendString	16	static
../Core/Src/LCD.c:147:6:lcdSendNumber	24	static
../Core/Src/LCD.c:154:6:lcdLeftToRight	8	static
../Core/Src/LCD.c:159:6:lcdRightToLeft	8	static
../Core/Src/LCD.c:164:6:expanderWrite	24	static
../Core/Src/LCD.c:169:6:lcdNoBacklight	8	static
../Core/Src/LCD.c:174:6:lcdBacklight	8	static
../Core/Src/LCD.c:179:6:lcdSetBacklight	16	static
../Core/Src/LCD.c:188:6:lcdScrollDisplayLeft	8	static
../Core/Src/LCD.c:192:6:scdScrollDisplayRight	8	static
../Core/Src/LCD.c:196:6:lcdAutoScroll	8	static
../Core/Src/LCD.c:201:6:lcdNoAutosSroll	8	static
