../Core/Src/LCD.c:8:6:LCD_scanI2CAddresses	32	static
../Core/Src/LCD.c:17:6:LCD_isConnected	16	static
../Core/Src/LCD.c:24:6:LCD_Set_Backlight	16	static
../Core/Src/LCD.c:32:6:LCD_Send_CMD	32	static
../Core/Src/LCD.c:45:6:LCD_Send_Data	32	static
../Core/Src/LCD.c:59:6:LCD_Clear	8	static
../Core/Src/LCD.c:64:6:LCD_Set_Cursor	16	static
../Core/Src/LCD.c:78:6:LCD_init	8	static
../Core/Src/LCD.c:106:6:LCD_Send_String	16	static
../Core/Src/LCD.c:110:6:LCD_Send_Number	24	static
../Core/Src/LCD.c:116:6:LCD_Display_Temp	40	static
../Core/Src/LCD.c:124:6:LCD_Display_Humid	40	static
