../Core/Src/main.c:87:6:func1	8	static
../Core/Src/main.c:90:6:func2	8	static
../Core/Src/main.c:93:6:func3	8	static
../Core/Src/main.c:115:6:ledMode	16	static
../Core/Src/main.c:131:6:ledStatus	16	static
../Core/Src/main.c:140:6:HAL_UART_RxCpltCallback	16	static
../Core/Src/main.c:156:5:main	8	static
../Core/Src/main.c:209:6:SystemClock_Config	88	static
../Core/Src/main.c:256:13:MX_ADC1_Init	24	static
../Core/Src/main.c:303:13:MX_I2C1_Init	8	static
../Core/Src/main.c:337:13:MX_TIM1_Init	96	static
../Core/Src/main.c:412:13:MX_TIM2_Init	32	static
../Core/Src/main.c:457:13:MX_USART2_UART_Init	8	static
../Core/Src/main.c:488:13:MX_DMA_Init	16	static
../Core/Src/main.c:506:13:MX_GPIO_Init	40	static
../Core/Src/main.c:553:6:HAL_TIM_PeriodElapsedCallback	16	static
../Core/Src/main.c:567:6:Error_Handler	4	static,ignoring_inline_asm
