../Core/Src/main.c:96:6:func1	8	static
../Core/Src/main.c:99:6:func2	8	static
../Core/Src/main.c:102:6:func3	8	static
../Core/Src/main.c:105:6:func4	8	static
../Core/Src/main.c:110:6:func5	8	static
../Core/Src/main.c:122:6:HAL_UART_RxCpltCallback	16	static
../Core/Src/main.c:139:5:main	24	static
../Core/Src/main.c:286:6:SystemClock_Config	88	static
../Core/Src/main.c:333:13:MX_ADC1_Init	24	static
../Core/Src/main.c:380:13:MX_I2C1_Init	8	static
../Core/Src/main.c:414:13:MX_TIM1_Init	80	static
../Core/Src/main.c:491:13:MX_TIM2_Init	64	static
../Core/Src/main.c:558:13:MX_TIM3_Init	32	static
../Core/Src/main.c:603:13:MX_TIM4_Init	64	static
../Core/Src/main.c:662:13:MX_USART2_UART_Init	8	static
../Core/Src/main.c:693:13:MX_DMA_Init	16	static
../Core/Src/main.c:714:13:MX_GPIO_Init	40	static
../Core/Src/main.c:755:6:HAL_TIM_PeriodElapsedCallback	16	static
../Core/Src/main.c:769:6:Error_Handler	4	static,ignoring_inline_asm
