../Core/Src/newRGB.c:40:23:scale8	16	static
../Core/Src/newRGB.c:44:6:NeoPixel_clear_all_led	16	static
../Core/Src/newRGB.c:61:6:NeoPixel_toggleLed	8	static
../Core/Src/newRGB.c:72:6:NeoPixel_led_set_RGB	24	static
../Core/Src/newRGB.c:89:6:NeoPixel_led_set_all_RGB	16	static
../Core/Src/newRGB.c:97:6:NeoPixel_led_render	16	static
../Core/Src/newRGB.c:139:6:HAL_TIM_PWM_PulseFinishedHalfCpltCallback	24	static
../Core/Src/newRGB.c:167:6:HAL_TIM_PWM_PulseFinishedCallback	24	static
../Core/Src/newRGB.c:197:6:NeoPixel_set_led_cycle	16	static
../Core/Src/newRGB.c:207:7:NeoPixel_hslColor	16	static
../Core/Src/newRGB.c:210:6:NeoPixel_hsl_to_rgb	32	static
